2025-11-05 10:00:01 INFO Starting application server
2025-11-05 10:00:02 DEBUG Loading configuration from config.json
2025-11-05 10:00:03 INFO Server listening on port 8080
2025-11-05 10:00:04 WARN Database connection timeout, retrying...
2025-11-05 10:00:05 ERROR Failed to connect to database: Connection refused
2025-11-05 10:00:06 INFO Attempting database reconnection
2025-11-05 10:00:07 INFO Database connection established successfully
2025-11-05 10:00:08 DEBUG Processing user request: GET /api/users
2025-11-05 10:00:09 INFO Request processed successfully
2025-11-05 10:00:10 WARN Memory usage high: 85%
2025-11-05 10:00:11 ERROR Disk space low: 2% remaining
2025-11-05 10:00:12 INFO Cleanup process started
2025-11-05 10:00:13 DEBUG Removing temporary files
2025-11-05 10:00:14 INFO Cleanup completed, 500MB freed
2025-11-05 10:00:15 INFO Application running normally